../../../Drivers/STM32N6xx_HAL_Driver/Inc/stm32n6xx_ll_bus.h:679:22:LL_MEM_EnableClock	1
../../../Drivers/STM32N6xx_HAL_Driver/Inc/stm32n6xx_ll_bus.h:1407:22:LL_AHB4_GRP1_EnableClock	1
C:/Users/kth59/.stm32cubeaistudio/workspace/mppt/FSBL/Core/Src/main.c:71:5:main	2
C:/Users/kth59/.stm32cubeaistudio/workspace/mppt/FSBL/Core/Src/main.c:143:6:SystemClock_Config	9
C:/Users/kth59/.stm32cubeaistudio/workspace/mppt/FSBL/Core/Src/main.c:251:13:MX_XSPI2_Init	3
C:/Users/kth59/.stm32cubeaistudio/workspace/mppt/FSBL/Core/Src/main.c:302:13:MX_GPIO_Init	1
C:/Users/kth59/.stm32cubeaistudio/workspace/mppt/FSBL/Core/Src/main.c:369:6:MPU_Config	1
C:/Users/kth59/.stm32cubeaistudio/workspace/mppt/FSBL/Core/Src/main.c:411:6:Error_Handler	1
