../../../Drivers/STM32N6xx_HAL_Driver/Inc/stm32n6xx_ll_bus.h:679:22:LL_MEM_EnableClock	24	static
C:/Users/kth59/.stm32cubeaistudio/workspace/mppt/FSBL/Core/Src/main.c:70:5:main	16	static
C:/Users/kth59/.stm32cubeaistudio/workspace/mppt/FSBL/Core/Src/main.c:138:6:SystemClock_Config	224	static
C:/Users/kth59/.stm32cubeaistudio/workspace/mppt/FSBL/Core/Src/main.c:247:6:MPU_Config	40	static,ignoring_inline_asm
C:/Users/kth59/.stm32cubeaistudio/workspace/mppt/FSBL/Core/Src/main.c:289:6:Error_Handler	8	static,ignoring_inline_asm
