../../../Drivers/STM32N6xx_HAL_Driver/Inc/stm32n6xx_ll_bus.h:1165:22:LL_AHB3_GRP1_EnableClock	24	static
C:/Users/kth59/.stm32cubeaistudio/workspace/mppt/Appli/Core/Src/main.c:67:5:main	8	static
C:/Users/kth59/.stm32cubeaistudio/workspace/mppt/Appli/Core/Src/main.c:117:15:SystemIsolation_Config	16	static
C:/Users/kth59/.stm32cubeaistudio/workspace/mppt/Appli/Core/Src/main.c:174:6:MPU_Config	40	static,ignoring_inline_asm
C:/Users/kth59/.stm32cubeaistudio/workspace/mppt/Appli/Core/Src/main.c:216:6:Error_Handler	4	static,ignoring_inline_asm
