../../../Drivers/STM32N6xx_HAL_Driver/Inc/stm32n6xx_ll_bus.h:1165:22:LL_AHB3_GRP1_EnableClock	24	static
../../../Drivers/STM32N6xx_HAL_Driver/Inc/stm32n6xx_ll_bus.h:1407:22:LL_AHB4_GRP1_EnableClock	24	static
C:/Users/kth59/.stm32cubeaistudio/workspace/mppt/Appli/Core/Src/main.c:70:5:main	8	static
C:/Users/kth59/.stm32cubeaistudio/workspace/mppt/Appli/Core/Src/main.c:121:13:MX_CACHEAXI_Init	8	static
C:/Users/kth59/.stm32cubeaistudio/workspace/mppt/Appli/Core/Src/main.c:147:6:MX_LPUART1_UART_Init	8	static
C:/Users/kth59/.stm32cubeaistudio/workspace/mppt/Appli/Core/Src/main.c:195:15:SystemIsolation_Config	16	static
C:/Users/kth59/.stm32cubeaistudio/workspace/mppt/Appli/Core/Src/main.c:254:13:MX_GPIO_Init	32	static
C:/Users/kth59/.stm32cubeaistudio/workspace/mppt/Appli/Core/Src/main.c:325:6:MPU_Config	40	static,ignoring_inline_asm
C:/Users/kth59/.stm32cubeaistudio/workspace/mppt/Appli/Core/Src/main.c:367:6:Error_Handler	4	static,ignoring_inline_asm
