../../../Drivers/STM32N6xx_HAL_Driver/Inc/stm32n6xx_ll_bus.h:1165:22:LL_AHB3_GRP1_EnableClock	1
../../../Drivers/STM32N6xx_HAL_Driver/Inc/stm32n6xx_ll_bus.h:1407:22:LL_AHB4_GRP1_EnableClock	1
C:/Users/kth59/.stm32cubeaistudio/workspace/mppt/Appli/Core/Src/main.c:70:5:main	1
C:/Users/kth59/.stm32cubeaistudio/workspace/mppt/Appli/Core/Src/main.c:121:13:MX_CACHEAXI_Init	2
C:/Users/kth59/.stm32cubeaistudio/workspace/mppt/Appli/Core/Src/main.c:147:6:MX_LPUART1_UART_Init	5
C:/Users/kth59/.stm32cubeaistudio/workspace/mppt/Appli/Core/Src/main.c:195:15:SystemIsolation_Config	1
C:/Users/kth59/.stm32cubeaistudio/workspace/mppt/Appli/Core/Src/main.c:254:13:MX_GPIO_Init	1
C:/Users/kth59/.stm32cubeaistudio/workspace/mppt/Appli/Core/Src/main.c:325:6:MPU_Config	1
C:/Users/kth59/.stm32cubeaistudio/workspace/mppt/Appli/Core/Src/main.c:367:6:Error_Handler	1
