../../../Drivers/STM32N6xx_HAL_Driver/Inc/stm32n6xx_ll_bus.h:1407:22:LL_AHB4_GRP1_EnableClock	24	static
../../../Drivers/STM32N6xx_HAL_Driver/Inc/stm32n6xx_ll_bus.h:3251:22:LL_APB4_GRP1_EnableClock	24	static
../../../Drivers/STM32N6xx_HAL_Driver/Inc/stm32n6xx_ll_bus.h:3319:22:LL_APB4_GRP1_DisableClock	16	static
C:/Users/kth59/.stm32cubeaistudio/workspace/mppt/Appli/Core/Src/usart.c:31:6:MX_LPUART1_UART_Init	8	static
C:/Users/kth59/.stm32cubeaistudio/workspace/mppt/Appli/Core/Src/usart.c:74:6:HAL_UART_MspInit	440	static
C:/Users/kth59/.stm32cubeaistudio/workspace/mppt/Appli/Core/Src/usart.c:124:6:HAL_UART_MspDeInit	16	static
