../../../Middlewares/ST/AI/Npu/ll_aton_NN_interface.h:494:32:LL_Buffer_addr_base	24	static
../../../Middlewares/ST/AI/Npu/ll_aton_NN_interface.h:504:32:LL_Buffer_addr_start	16	static
../../../Middlewares/ST/AI/Npu/ll_aton_rt_user_api.h:355:46:LL_ATON_Output_Buffers_Info	16	static
../../../Middlewares/ST/AI/Npu/ll_aton_rt_user_api.h:376:46:LL_ATON_Input_Buffers_Info	16	static
C:/Users/kth59/.stm32cubeaistudio/workspace/mppt/Appli/AI/App/app_x-cube-ai.c:87:5:aiInit	16	static
C:/Users/kth59/.stm32cubeaistudio/workspace/mppt/Appli/AI/App/app_x-cube-ai.c:100:5:aiDeinit	8	static
C:/Users/kth59/.stm32cubeaistudio/workspace/mppt/Appli/AI/App/app_x-cube-ai.c:110:5:aiRun	16	static,ignoring_inline_asm
C:/Users/kth59/.stm32cubeaistudio/workspace/mppt/Appli/AI/App/app_x-cube-ai.c:126:5:acquire_and_process_data	4	static
C:/Users/kth59/.stm32cubeaistudio/workspace/mppt/Appli/AI/App/app_x-cube-ai.c:138:5:post_process	4	static
C:/Users/kth59/.stm32cubeaistudio/workspace/mppt/Appli/AI/App/app_x-cube-ai.c:155:6:main_loop	8	static
C:/Users/kth59/.stm32cubeaistudio/workspace/mppt/Appli/AI/App/app_x-cube-ai.c:173:6:STM32CubeAI_Studio_AI_Init	8	static
C:/Users/kth59/.stm32cubeaistudio/workspace/mppt/Appli/AI/App/app_x-cube-ai.c:182:6:STM32CubeAI_Studio_AI_Process	8	static
C:/Users/kth59/.stm32cubeaistudio/workspace/mppt/Appli/AI/App/app_x-cube-ai.c:187:6:STM32CubeAI_Studio_AI_Deinit	8	static
