../../../Drivers/STM32N6xx_HAL_Driver/Inc/stm32n6xx_ll_bus.h:785:22:LL_MEM_EnableClockLowPower	24	static
../../../Drivers/STM32N6xx_HAL_Driver/Inc/stm32n6xx_ll_bus.h:1301:22:LL_AHB3_GRP1_EnableClockLowPower	24	static
../../../Drivers/STM32N6xx_HAL_Driver/Inc/stm32n6xx_ll_bus.h:1407:22:LL_AHB4_GRP1_EnableClock	24	static
../../../Drivers/STM32N6xx_HAL_Driver/Inc/stm32n6xx_ll_bus.h:1755:22:LL_AHB5_GRP1_EnableClock	24	static
../../../Drivers/STM32N6xx_HAL_Driver/Inc/stm32n6xx_ll_bus.h:1945:22:LL_AHB5_GRP1_ForceReset	16	static
../../../Drivers/STM32N6xx_HAL_Driver/Inc/stm32n6xx_ll_bus.h:1999:22:LL_AHB5_GRP1_ReleaseReset	16	static
../../../Drivers/STM32N6xx_HAL_Driver/Inc/stm32n6xx_ll_bus.h:2065:22:LL_AHB5_GRP1_EnableClockLowPower	24	static
../../../Drivers/STM32N6xx_HAL_Driver/Inc/stm32n6xx_ll_bus.h:3123:22:LL_APB2_GRP1_EnableClockLowPower	24	static
../../../Drivers/STM32N6xx_HAL_Driver/Inc/stm32n6xx_ll_bus.h:3495:22:LL_APB4_GRP2_EnableClock	24	static
../../../Drivers/STM32N6xx_HAL_Driver/Inc/stm32n6xx_ll_bus.h:3915:22:LL_MISC_EnableClockLowPower	24	static
C:/Users/kth59/.stm32cubeaistudio/workspace/mppt/Appli/AI/App/npu_init.c:26:17:Get_RISAF_Max_Addr	24	static
C:/Users/kth59/.stm32cubeaistudio/workspace/mppt/Appli/AI/App/npu_init.c:49:13:Set_RISAF_Default	48	static
C:/Users/kth59/.stm32cubeaistudio/workspace/mppt/Appli/AI/App/npu_init.c:66:6:Set_CLK_Sleep_Mode	8	static
C:/Users/kth59/.stm32cubeaistudio/workspace/mppt/Appli/AI/App/npu_init.c:103:6:NPU_Config	16	static
C:/Users/kth59/.stm32cubeaistudio/workspace/mppt/Appli/AI/App/npu_init.c:133:6:RISAF_Config	8	static
C:/Users/kth59/.stm32cubeaistudio/workspace/mppt/Appli/AI/App/npu_init.c:170:6:SystemInit_POST	8	static
C:/Users/kth59/.stm32cubeaistudio/workspace/mppt/Appli/AI/App/npu_init.c:192:6:aiPreInitialize	8	static
